
> workflow_builder@0.0.0 build
> tsc -b && vite build

src/Canvas/generative_ui/ComponentRegistry.tsx(17,7): error TS6133: 'getResponsiveLayout' is declared but its value is never read.
src/Canvas/generative_ui/ComponentRegistry.tsx(73,13): error TS2604: JSX element type 'Icon' does not have any construct or call signatures.
src/Canvas/generative_ui/ComponentRegistry.tsx(73,13): error TS2786: 'Icon' cannot be used as a JSX component.
  Its type 'ForwardRefExoticComponent<Omit<LucideProps, "ref"> & RefAttributes<SVGSVGElement>> | ForwardRefExoticComponent<...> | ((iconName: string, iconNode: IconNode) => ForwardRefExoticComponent<...>) | typeof index' is not a valid JSX element type.
    Type '(iconName: string, iconNode: IconNode) => ForwardRefExoticComponent<Omit<LucideProps, "ref"> & RefAttributes<SVGSVGElement>>' is not assignable to type 'ElementType'.
      Type '(iconName: string, iconNode: IconNode) => ForwardRefExoticComponent<Omit<LucideProps, "ref"> & RefAttributes<SVGSVGElement>>' is not assignable to type '(props: any) => ReactNode | Promise<ReactNode>'.
        Target signature provides too few arguments. Expected 2 or more, but got 1.
src/Canvas/generative_ui/ComponentRegistry.tsx(919,1): error TS6192: All imports in import declaration are unused.
